========================================
≡ƒº¬ Testing Provisional Certificate OCR
========================================

Starting verification for user 999 (alumni)
OCR Text: RE MAULANA ABUL KALAM AZAD UNIVERSITY OF TECHNOLOGY, WEST
BENGAL
(Formerly known as West Bengal Univ...
Detected: Provisional Certificate
Extracted Data: {
  full_name: 'Aratrik Bandyopadhyay',
  roll_number: '',
  college_id: '',
  college_name: 'TECHNOLOGY',
  department: 'BACHELOR OF TECHNOLOGY IN COMPUTER SCIENCE & ENGINEERING',
  passing_year: 2025,
  registration_number: ''
}
Verification Result: PENDING. Reason: Missing College Name or valid ID (Roll/College ID) in ID Card
Γ£à Connected to PostgreSQL database (Neon + SSL)

≡ƒôè Verification Result:
Status: PENDING
Is Verified: false
Reason: Missing College Name or valid ID (Roll/College ID) in ID Card

≡ƒô¥ Extracted Data:
{
  "full_name": "Aratrik Bandyopadhyay",
  "roll_number": "",
  "college_id": "",
  "college_name": "TECHNOLOGY",
  "department": "BACHELOR OF TECHNOLOGY IN COMPUTER SCIENCE & ENGINEERING",
  "passing_year": 2025,
  "registration_number": ""
}

Γ£à Expected Values:
- Full Name: Aratrik Bandyopadhyay
- Roll Number: 16931121009
- Registration Number: 211690100110192
- College Name: ACADEMY OF TECHNOLOGY
- Department: Computer Science & Engineering
- Passing Year: 2025
